node.exe : 2026-02-06T15:44:33.205Z vite:config config file loaded in 46.72ms
En línea: 1 Carácter: 1
+ & "C:\Program Files\nodejs/node.exe" "C:\Program Files\nodejs/node_mo ...
+ ~~~~~~~~~~~~~~~~~~~~~~~~~~~~~~~~~~~~~~~~~~~~~~~~~~~~~~~~~~~~~~~~~~~~~
    + CategoryInfo          : NotSpecified: (2026-02-06T15:4...aded in 46.72ms:String) [ 
   ], RemoteException
    + FullyQualifiedErrorId : NativeCommandError
 
2026-02-06T15:44:33.207Z vite:env loading env files: [
  'C:/Users/PC/Desktop/RRHH/frontend/.env',
  'C:/Users/PC/Desktop/RRHH/frontend/.env.local',
  'C:/Users/PC/Desktop/RRHH/frontend/.env.production',
  'C:/Users/PC/Desktop/RRHH/frontend/.env.production.local'
]
2026-02-06T15:44:33.207Z vite:env env files loaded in 0.29ms
2026-02-06T15:44:33.207Z vite:env using resolved env: {}
2026-02-06T15:44:33.226Z vite:config using resolved config: {
  plugins: [
    'vite:build-metadata',
    'vite:watch-package-data',
    'alias',
    'vite:react-babel',
    'vite:react-refresh',
    'vite:modulepreload-polyfill',
    'vite:resolve',
    'vite:html-inline-proxy',
    'vite:css',
    'vite:esbuild',
    'vite:json',
    'vite:wasm-helper',
    'vite:worker',
    'vite:asset',
    'vite:react-virtual-preamble',
    'vite:wasm-fallback',
    'vite:define',
    'vite:css-post',
    'vite:build-html',
    'vite:worker-import-meta-url',
    'vite:asset-import-meta-url',
    'vite:force-amd-wrap-require',
    'vite:force-systemjs-wrap-complete',
    'vite:prepare-out-dir',
    'commonjs',
    'vite:data-uri',
    'vite:rollup-options-plugins',
    'vite:dynamic-import-vars',
    'vite:import-glob',
    'vite:build-import-analysis',
    'vite:esbuild-transpile',
    'vite:terser',
    'vite:license',
    'vite:manifest',
    'vite:ssr-manifest',
    'vite:reporter',
    'vite:load-fallback'
  ],
  server: {
    port: 5173,
    strictPort: false,
    host: true,
    allowedHosts: [],
    https: undefined,
    open: false,
    proxy: {
      '/api': {
        target: 'http://localhost:3000',
        changeOrigin: true,
        secure: false
      },
      '/inbox': { target: 'http://localhost:3000', changeOrigin: true },
      '/assets': { target: 'http://localhost:3000', changeOrigin: true }
    },
    cors: {
      origin: /^https?:\/\/(?:(?:[^:]+\.)?localhost|127\.0\.0\.1|\[::1\])(?::\d+)?$/
    },
    headers: {},
    warmup: { clientFiles: [], ssrFiles: [] },
    middlewareMode: false,
    fs: {
      strict: true,
      deny: [ '.env', '.env.*', '*.{crt,pem}', '**/.git/**' ],
      allow: [ 'C:/Users/PC/Desktop/RRHH/frontend' ]
    },
    preTransformRequests: true,
    perEnvironmentStartEndDuringDev: false,
    perEnvironmentWatchChangeDuringDev: false,
    sourcemapIgnoreList: [Function: isInNodeModules]
  },
  test: {
    globals: true,
    environment: 'jsdom',
    setupFiles: './src/test/setup.ts',
    include: [ 'src/**/*.test.{ts,tsx}' ]
  },
  build: {
    target: [ 'chrome107', 'edge107', 'firefox104', 'safari16' ],
    polyfillModulePreload: true,
    modulePreload: { polyfill: true },
    outDir: 'dist',
    assetsDir: 'assets',
    assetsInlineLimit: 4096,
    sourcemap: false,
    terserOptions: {},
    rollupOptions: { onwarn: [Function: onwarn] },
    commonjsOptions: { include: [ /node_modules/ ], extensions: [ '.js', '.cjs' ] },
    dynamicImportVarsOptions: { warnOnError: true, exclude: [ /node_modules/ ] },
    write: true,
    emptyOutDir: null,
    copyPublicDir: true,
    license: false,
    manifest: false,
    lib: false,
    ssrManifest: false,
    ssrEmitAssets: false,
    reportCompressedSize: true,
    chunkSizeWarningLimit: 500,
    watch: null,
    cssCodeSplit: true,
    minify: 'esbuild',
    ssr: false,
    emitAssets: true,
    createEnvironment: [Function: createEnvironment],
    cssTarget: [ 'chrome107', 'edge107', 'firefox104', 'safari16' ],
    cssMinify: true
  },
  esbuild: {
    jsxDev: false,
    charset: 'utf8',
    legalComments: 'none',
    jsx: 'automatic',
    jsxImportSource: undefined
  },
  optimizeDeps: {
    include: [
      'react',
      'react-dom',
      'react/jsx-dev-runtime',
      'react/jsx-runtime'
    ],
    exclude: [],
    needsInterop: [],
    extensions: [],
    disabled: undefined,
    holdUntilCrawlEnd: true,
    force: false,
    noDiscovery: false,
    esbuildOptions: { preserveSymlinks: false, jsx: 'automatic' }
  },
  environments: {
    client: {
      define: undefined,
      resolve: {
        externalConditions: [ 'node', 'module-sync' ],
        extensions: [
          '.mjs',  '.js',
          '.mts',  '.ts',
          '.jsx',  '.tsx',
          '.json'
        ],
        dedupe: [],
        noExternal: [],
        external: [],
        preserveSymlinks: false,
        alias: [
          {
            find: /^\/?@vite\/env/,
            replacement: 
'/@fs/C:/Users/PC/Desktop/RRHH/frontend/node_modules/vite/dist/client/env.mjs'
          },
          {
            find: /^\/?@vite\/client/,
            replacement: 
'/@fs/C:/Users/PC/Desktop/RRHH/frontend/node_modules/vite/dist/client/client.mjs'
          }
        ],
        mainFields: [ 'browser', 'module', 'jsnext:main', 'jsnext' ],
        conditions: [ 'module', 'browser', 'development|production' ],
        builtins: []
      },
      keepProcessEnv: false,
      consumer: 'client',
      optimizeDeps: {
        include: [
          'react',
          'react-dom',
          'react/jsx-dev-runtime',
          'react/jsx-runtime'
        ],
        exclude: [],
        needsInterop: [],
        extensions: [],
        disabled: undefined,
        holdUntilCrawlEnd: true,
        force: false,
        noDiscovery: false,
        esbuildOptions: { preserveSymlinks: false, jsx: 'automatic' }
      },
      dev: {
        warmup: [],
        sourcemap: { js: true },
        sourcemapIgnoreList: [Function: isInNodeModules],
        preTransformRequests: true,
        createEnvironment: [Function: defaultCreateClientDevEnvironment],
        recoverable: true,
        moduleRunnerTransform: false
      },
      build: {
        target: [ 'chrome107', 'edge107', 'firefox104', 'safari16' ],
        polyfillModulePreload: true,
        modulePreload: { polyfill: true },
        outDir: 'dist',
        assetsDir: 'assets',
        assetsInlineLimit: 4096,
        sourcemap: false,
        terserOptions: {},
        rollupOptions: { onwarn: [Function: onwarn] },
        commonjsOptions: { include: [ /node_modules/ ], extensions: [ '.js', '.cjs' ] },
        dynamicImportVarsOptions: { warnOnError: true, exclude: [ /node_modules/ ] },
        write: true,
        emptyOutDir: null,
        copyPublicDir: true,
        license: false,
        manifest: false,
        lib: false,
        ssrManifest: false,
        ssrEmitAssets: false,
        reportCompressedSize: true,
        chunkSizeWarningLimit: 500,
        watch: null,
        cssCodeSplit: true,
        minify: 'esbuild',
        ssr: false,
        emitAssets: true,
        createEnvironment: [Function: createEnvironment],
        cssTarget: [ 'chrome107', 'edge107', 'firefox104', 'safari16' ],
        cssMinify: true
      },
      plugins: [
        {
          name: 'vite:build-metadata',
          renderChunk: [AsyncFunction: renderChunk]
        },
        {
          name: 'vite:watch-package-data',
          buildStart: [Function: buildStart],
          buildEnd: [Function: buildEnd],
          watchChange: [Function: watchChange]
        },
        {
          name: 'alias',
          buildStart: [AsyncFunction: buildStart],
          resolveId: [Function: resolveId]
        },
        {
          name: 'vite:react-babel',
          enforce: 'pre',
          config: [Function: config],
          configResolved: [Function: configResolved],
          options: [Function: options]
        },
        {
          name: 'vite:react-refresh',
          enforce: 'pre',
          config: [Function: config],
          resolveId: {
            filter: { id: /^\/@react\-refresh$/ },
            handler: [Function: handler]
          },
          load: {
            filter: { id: /^\/@react\-refresh$/ },
            handler: [Function: handler]
          },
          transformIndexHtml: [Function: transformIndexHtml]
        },
        {
          name: 'vite:modulepreload-polyfill',
          resolveId: {
            filter: { id: /^vite\/modulepreload\-polyfill$/ },
            handler: [Function: handler]
          },
          load: {
            filter: { id: /^ vite\/modulepreload\-polyfill\.js$/ },
            handler: [Function: handler]
          }
        },
        {
          name: 'vite:resolve',
          resolveId: {
            filter: { id: { exclude: /^(?:\0|\/?virtual:)/ } },
            handler: [AsyncFunction: handler]
          },
          load: {
            filter: {
              id: [
                /^__vite\-browser\-external/,
                /^__vite\-optional\-peer\-dep/
              ]
            },
            handler: [Function: handler]
          }
        },
        {
          name: 'vite:html-inline-proxy',
          resolveId: {
            filter: { id: /[?&]html-proxy\b/ },
            handler: [Function: handler]
          },
          load: {
            filter: { id: /[?&]html-proxy\b/ },
            handler: [Function: handler]
          }
        },
        {
          name: 'vite:css',
          buildStart: [Function: buildStart],
          buildEnd: [Function: buildEnd],
          load: {
            filter: {
              id: /\.(css|less|sass|scss|styl|stylus|pcss|postcss|sss)(?:$|\?)/
            },
            handler: [AsyncFunction: handler]
          },
          transform: {
            filter: {
              id: {
                include: /\.(css|less|sass|scss|styl|stylus|pcss|postcss|sss)(?:$|\?)/,
                exclude: [
                  /[?&]commonjs-proxy/,
                  /[?&](?:worker|sharedworker|raw|url)\b/
                ]
              }
            },
            handler: [AsyncFunction: handler]
          }
        },
        {
          name: 'vite:esbuild',
          configureServer: [Function: configureServer],
          transform: [AsyncFunction: transform]
        },
        {
          name: 'vite:json',
          transform: {
            filter: {
              id: {
                include: /\.json(?:$|\?)(?!commonjs-(?:proxy|external))/,
                exclude: /[?&](?:worker|sharedworker|raw|url)\b/
              }
            },
            handler: [Function: handler]
          }
        },
        {
          name: 'vite:wasm-helper',
          resolveId: {
            filter: { id: /^ vite\/wasm\-helper\.js$/ },
            handler: [Function: handler]
          },
          load: {
            filter: {
              id: [
                /^ vite\/wasm\-helper\.js$/,
                /(?<![?#].*)\.wasm\?init/
              ]
            },
            handler: [AsyncFunction: handler]
          }
        },
        {
          name: 'vite:worker',
          buildStart: [Function: buildStart],
          load: {
            filter: { id: /(?:\?|&)(worker|sharedworker)(?:&|$)/ },
            handler: [AsyncFunction: handler]
          },
          transform: {
            filter: { id: /(?:\?|&)worker_file&type=(\w+)(?:&|$)/ },
            handler: [AsyncFunction: handler]
          },
          renderChunk: [Function: renderChunk],
          generateBundle: [Function: generateBundle],
          watchChange: [Function: watchChange]
        },
        {
          name: 'vite:asset',
          perEnvironmentStartEndDuringDev: true,
          buildStart: [Function: buildStart],
          resolveId: { handler: [Function: handler] },
          load: {
            filter: { id: { exclude: /^\0/ } },
            handler: [AsyncFunction: handler]
          },
          renderChunk: [Function: renderChunk],
          generateBundle: [Function: generateBundle]
        },
        {
          name: 'vite:react-virtual-preamble',
          resolveId: {
            order: 'pre',
            filter: { id: /^@vitejs\/plugin\-react\/preamble$/ },
            handler: [Function: handler]
          },
          load: {
            filter: { id: /^ @vitejs\/plugin\-react\/preamble$/ },
            handler: [Function: handler]
          }
        },
        {
          name: 'vite:wasm-fallback',
          load: { filter: { id: /\.wasm$/ }, handler: [Function: handler] }
        },
        {
          name: 'vite:define',
          transform: { handler: [AsyncFunction: handler] }
        },
        {
          name: 'vite:css-post',
          renderStart: [Function: renderStart],
          transform: {
            filter: {
              id: {
                include: /\.(css|less|sass|scss|styl|stylus|pcss|postcss|sss)(?:$|\?)/,
                exclude: [
                  /[?&]commonjs-proxy/,
                  /[?&](?:worker|sharedworker|raw|url)\b/
                ]
              }
            },
            handler: [AsyncFunction: handler]
          },
          renderChunk: [AsyncFunction: renderChunk],
          augmentChunkHash: [Function: augmentChunkHash],
          generateBundle: [AsyncFunction: generateBundle]
        },
        {
          name: 'vite:build-html',
          transform: {
            filter: { id: /\.html$/ },
            handler: [AsyncFunction: handler]
          },
          generateBundle: [AsyncFunction: generateBundle]
        },
        {
          name: 'vite:worker-import-meta-url',
          applyToEnvironment: [Function: applyToEnvironment],
          transform: {
            filter: {
              code: /new\s+(?:Worker|SharedWorker)\s*\(\s*new\s+URL.+?import\.meta\.url/s
            },
            handler: [AsyncFunction: handler]
          }
        },
        {
          name: 'vite:asset-import-meta-url',
          applyToEnvironment: [Function: applyToEnvironment],
          transform: {
            filter: {
              id: {
                exclude: [
                  /^ vite\/preload\-helper\.js$/,
                  
/^C:\\Users\\PC\\Desktop\\RRHH\\frontend\\node_modules\\vite\\dist\\client\\client\.mjs$/
                ]
              },
              code: /new\s+URL.+import\.meta\.url/s
            },
            handler: [AsyncFunction: handler]
          }
        },
        {
          name: 'vite:force-amd-wrap-require',
          renderChunk: [Function: renderChunk]
        },
        {
          name: 'vite:force-systemjs-wrap-complete',
          renderChunk: [Function: renderChunk]
        },
        {
          name: 'vite:prepare-out-dir',
          options: [Function: options],
          renderStart: { order: 'pre', handler: [Function: handler] }
        },
        {
          name: 'commonjs',
          version: '29.0.0',
          options: [Function: options],
          buildStart: [Function: buildStart],
          buildEnd: [Function: buildEnd],
          load: [AsyncFunction: load],
          shouldTransformCachedModule: [Function: shouldTransformCachedModule],
          transform: [Function: transform]
        },
        {
          name: 'vite:data-uri',
          buildStart: [Function: buildStart],
          resolveId: [Function: resolveId],
          load: [Function: load]
        },
        {
          name: 'vite:dynamic-import-vars',
          resolveId: {
            filter: { id: /^ vite\/dynamic\-import\-helper\.js$/ },
            handler: [Function: handler]
          },
          load: {
            filter: { id: /^ vite\/dynamic\-import\-helper\.js$/ },
            handler: [Function: handler]
          },
          transform: {
            filter: {
              id: {
                exclude: 
/^C:\\Users\\PC\\Desktop\\RRHH\\frontend\\node_modules\\vite\\dist\\client\\client\.mjs$/
              },
              code: /\bimport\s*[(/]/
            },
            handler: [AsyncFunction: handler]
          }
        },
        {
          name: 'vite:import-glob',
          buildStart: [Function: buildStart],
          transform: {
            filter: { code: 'import.meta.glob' },
            handler: [AsyncFunction: handler]
          },
          hotUpdate: [Function: hotUpdate]
        },
        {
          name: 'vite:build-import-analysis',
          resolveId: {
            filter: { id: /^ vite\/preload\-helper\.js$/ },
            handler: [Function: handler]
          },
          load: {
            filter: { id: /^ vite\/preload\-helper\.js$/ },
            handler: [Function: handler]
          },
          transform: {
            filter: { code: /import\s*\(/ },
            handler: [AsyncFunction: handler]
          },
          renderChunk: [Function: renderChunk],
          generateBundle: [Function: generateBundle]
        },
        {
          name: 'vite:esbuild-transpile',
          applyToEnvironment: [Function: applyToEnvironment],
          renderChunk: [AsyncFunction: renderChunk]
        },
        {
          name: 'vite:terser',
          applyToEnvironment: [Function: applyToEnvironment],
          renderChunk: [AsyncFunction: renderChunk],
          closeBundle: [Function: closeBundle]
        },
        {
          name: 'vite:license',
          generateBundle: [AsyncFunction: generateBundle]
        },
        {
          name: 'vite:reporter',
          sharedDuringBuild: true,
          perEnvironmentStartEndDuringDev: true,
          transform: [Function: transform],
          buildStart: [Function: buildStart],
          buildEnd: [Function: buildEnd],
          renderStart: [Function: renderStart],
          renderChunk: [Function: renderChunk],
          generateBundle: [Function: generateBundle],
          writeBundle: [AsyncFunction: writeBundle]
        },
        {
          name: 'vite:load-fallback',
          load: { handler: [AsyncFunction: handler] }
        }
      ]
    }
  },
  resolve: {
    externalConditions: [ 'node', 'module-sync' ],
    extensions: [
      '.mjs',  '.js',
      '.mts',  '.ts',
      '.jsx',  '.tsx',
      '.json'
    ],
    dedupe: [],
    noExternal: [],
    external: [],
    preserveSymlinks: false,
    alias: [
      {
        find: /^\/?@vite\/env/,
        replacement: 
'/@fs/C:/Users/PC/Desktop/RRHH/frontend/node_modules/vite/dist/client/env.mjs'
      },
      {
        find: /^\/?@vite\/client/,
        replacement: 
'/@fs/C:/Users/PC/Desktop/RRHH/frontend/node_modules/vite/dist/client/client.mjs'
      }
    ],
    mainFields: [ 'browser', 'module', 'jsnext:main', 'jsnext' ],
    conditions: [ 'module', 'browser', 'development|production' ],
    builtins: []
  },
  configFile: 'C:/Users/PC/Desktop/RRHH/frontend/vite.config.ts',
  configFileDependencies: [ 'C:/Users/PC/Desktop/RRHH/frontend/vite.config.ts' ],
  inlineConfig: {
    root: undefined,
    base: undefined,
    mode: undefined,
    configFile: undefined,
    configLoader: undefined,
    logLevel: undefined,
    clearScreen: undefined,
    build: {}
  },
  root: 'C:/Users/PC/Desktop/RRHH/frontend',
  base: '/',
  decodedBase: '/',
  rawBase: '/',
  publicDir: 'C:/Users/PC/Desktop/RRHH/frontend/public',
  cacheDir: 'C:/Users/PC/Desktop/RRHH/frontend/node_modules/.vite',
  command: 'build',
  mode: 'production',
  isWorker: false,
  mainConfig: null,
  bundleChain: [],
  isProduction: true,
  css: {
    transformer: 'postcss',
    preprocessorMaxWorkers: true,
    devSourcemap: false
  },
  json: { namedExports: true, stringify: 'auto' },
  builder: undefined,
  preview: {
    port: 4173,
    strictPort: false,
    host: true,
    allowedHosts: [],
[36mvite v7.3.0 [32mbuilding client environment for production...[36m[39m
    https: undefined,
    open: false,
    proxy: {
      '/api': {
        target: 'http://localhost:3000',
        changeOrigin: true,
        secure: false
      },
      '/inbox': { target: 'http://localhost:3000', changeOrigin: true },
      '/assets': { target: 'http://localhost:3000', changeOrigin: true }
    },
    cors: {
      origin: /^https?:\/\/(?:(?:[^:]+\.)?localhost|127\.0\.0\.1|\[::1\])(?::\d+)?$/
    },
    headers: {}
  },
  envDir: 'C:/Users/PC/Desktop/RRHH/frontend',
  env: { BASE_URL: '/', MODE: 'production', DEV: false, PROD: true },
  assetsInclude: [Function: assetsInclude],
  logger: {
    hasWarned: false,
    info: [Function: info],
    warn: [Function: warn],
    warnOnce: [Function: warnOnce],
    error: [Function: error],
    clearScreen: [Function: clearScreen],
    hasErrorLogged: [Function: hasErrorLogged]
  },
  packageCache: Map(1) {
    'fnpd_C:/Users/PC/Desktop/RRHH/frontend' => {
      dir: 'C:/Users/PC/Desktop/RRHH/frontend',
      data: {
        name: 'frontend',
        private: true,
        version: '0.0.0',
        type: 'module',
        scripts: {
          dev: 'vite --host',
          build: 'vite build',
          lint: 'eslint .',
          preview: 'vite preview',
          test: 'vitest'
        },
        dependencies: {
          '@tanstack/react-query': '^5.90.12',
          '@types/leaflet': '^1.9.21',
          '@types/qrcode': '^1.5.6',
          clsx: '^2.1.1',
          'date-fns': '^4.1.0',
          'face-api.js': '^0.22.2',
          'framer-motion': '^12.23.26',
          jspdf: '^4.1.0',
          'jspdf-autotable': '^5.0.2',
          'jwt-decode': '^4.0.0',
          leaflet: '^1.9.4',
          'lucide-react': '^0.562.0',
          qrcode: '^1.5.4',
          react: '^19.2.0',
          'react-dom': '^19.2.0',
          'react-leaflet': '^5.0.0',
          'react-router-dom': '^7.11.0',
          'react-webcam': '^7.2.0',
          recharts: '^3.6.0',
          sonner: '^2.0.7',
          'tailwind-merge': '^3.4.0'
        },
        devDependencies: {
          '@eslint/js': '^9.39.1',
          '@testing-library/jest-dom': '^6.9.1',
          '@testing-library/react': '^16.3.2',
          '@types/node': '^24.10.1',
          '@types/react': '^19.2.13',
          '@types/react-dom': '^19.2.3',
          '@types/react-webcam': '^1.1.0',
          '@vitejs/plugin-react': '^5.1.1',
          autoprefixer: '^10.4.17',
          eslint: '^9.39.1',
          'eslint-plugin-react-hooks': '^7.0.1',
          'eslint-plugin-react-refresh': '^0.4.24',
          globals: '^16.5.0',
          jsdom: '^28.0.0',
          postcss: '^8.4.35',
          tailwindcss: '^3.4.17',
          typescript: '~5.9.3',
          'typescript-eslint': '^8.46.4',
          vite: '^7.2.4',
          vitest: '^4.0.18'
        }
      },
      hasSideEffects: [Function: hasSideEffects],
      setResolvedCache: [Function: setResolvedCache],
      getResolvedCache: [Function: getResolvedCache]
    },
    set: [Function (anonymous)]
  },
  worker: { format: 'iife', plugins: '() => plugins', rollupOptions: {} },
  appType: 'spa',
  experimental: {
    importGlobRestoreExtension: false,
    renderBuiltUrl: undefined,
    hmrPartialAccept: false
  },
  future: undefined,
  ssr: {
    target: 'node',
    optimizeDeps: { esbuildOptions: { preserveSymlinks: false } },
    resolve: { conditions: undefined, externalConditions: undefined }
  },
  dev: {
    warmup: [],
    sourcemap: { js: true },
    sourcemapIgnoreList: [Function: isInNodeModules],
    preTransformRequests: false,
    createEnvironment: [Function: defaultCreateDevEnvironment],
    recoverable: false,
    moduleRunnerTransform: false
  },
  webSocketToken: 'sZOXFV4-7w9s',
  getSortedPlugins: [Function: getSortedPlugins],
  getSortedPluginHooks: [Function: getSortedPluginHooks],
  createResolver: [Function: createResolver],
  fsDenyGlob: [Function: arrayMatcher],
  safeModulePaths: Set(0) {},
  Symbol(vite:resolved-config): true
}
transforming...
2026-02-06T15:44:34.324Z vite:esbuild esbuild error with options used:  {
  sourcemap: true,
  sourcefile: 'C:/Users/PC/Desktop/RRHH/frontend/src/pages/PayrollImport.tsx',
  target: 'esnext',
  jsxDev: false,
  charset: 'utf8',
  legalComments: 'none',
  jsx: 'automatic',
  jsxImportSource: undefined,
  minify: false,
  minifyIdentifiers: false,
  minifySyntax: false,
  minifyWhitespace: false,
  treeShaking: false,
  keepNames: false,
  supported: { 'dynamic-import': true, 'import-meta': true },
  loader: 'tsx',
  tsconfigRaw: {
    compilerOptions: {
      jsx: undefined,
      target: 'ES2022',
      useDefineForClassFields: true,
      verbatimModuleSyntax: true
    }
  }
}
[32mÔ£ô[39m 128 modules transformed.
[31mÔ£ù[39m Build failed in 1.06s
[31merror during build:
[31m[vite:esbuild] Transform failed with 1 error:
C:/Users/PC/Desktop/RRHH/frontend/src/pages/PayrollImport.tsx:267:13: ERROR: The 
character "}" is not valid inside a JSX element[31m
file: [36mC:/Users/PC/Desktop/RRHH/frontend/src/pages/PayrollImport.tsx:267:13[31m
[33m
[33mThe character "}" is not valid inside a JSX element[33m
265 |                  </div>
266 |              </div>
267 |              )}
    |               ^
268 |  
269 |              {/* STEP 2: MAP */}
[31m
    at failureErrorWithLog 
(C:\Users\PC\Desktop\RRHH\frontend\node_modules\esbuild\lib\main.js:1467:15)
    at C:\Users\PC\Desktop\RRHH\frontend\node_modules\esbuild\lib\main.js:736:50
    at responseCallbacks.<computed> 
(C:\Users\PC\Desktop\RRHH\frontend\node_modules\esbuild\lib\main.js:603:9)
    at handleIncomingPacket 
(C:\Users\PC\Desktop\RRHH\frontend\node_modules\esbuild\lib\main.js:658:12)
    at Socket.readFromStdout 
(C:\Users\PC\Desktop\RRHH\frontend\node_modules\esbuild\lib\main.js:581:7)
    at Socket.emit (node:events:508:28)
    at addChunk (node:internal/streams/readable:559:12)
    at readableAddChunkPushByteMode (node:internal/streams/readable:510:3)
    at Readable.push (node:internal/streams/readable:390:5)
    at Pipe.onStreamRead (node:internal/stream_base_commons:189:23)[39m
